npm warn Unknown env config "http-proxy". This will stop working in the next major version of npm.

> towerops-airspace-lab@0.1.0 build
> node prepare-python.mjs && tsc --noEmit && vite build

vite v8.3.3 building client environment for production...
transforming...
✓ 21 modules transformed.
✗ Build failed in 107ms
error during build:
Build failed with 1 error:

[plugin vite:prepare-out-dir]
Error: ENOSPC: no space left on device, copyfile '/dev/shm/86776bb3cdb8-product-tower-delivery/repo/web/airspace/public/python/pyodide.asm.wasm' -> '/dev/shm/86776bb3cdb8-product-tower-delivery/repo/web/airspace/dist/python/pyodide.asm.wasm'
    at Object.copyFileSync (node:fs:3177:11)
    at copyDir (file:///workspace/scratch/72ac1419fd11/production/towerops/web/airspace/node_modules/vite/dist/node/chunks/node.js:2431:11)
    at copyDir (file:///workspace/scratch/72ac1419fd11/production/towerops/web/airspace/node_modules/vite/dist/node/chunks/node.js:2430:43)
    at prepareOutDir (file:///workspace/scratch/72ac1419fd11/production/towerops/web/airspace/node_modules/vite/dist/node/chunks/node.js:34224:4)
    at PluginContextImpl.handler (file:///workspace/scratch/72ac1419fd11/production/towerops/web/airspace/node_modules/vite/dist/node/chunks/node.js:34206:6)
    at PluginContextImpl.handler (file:///workspace/scratch/72ac1419fd11/production/towerops/web/airspace/node_modules/vite/dist/node/chunks/node.js:34919:13)
    at plugin (file:///workspace/scratch/72ac1419fd11/production/towerops/web/airspace/node_modules/rolldown/dist/shared/bindingify-input-options-DCTviPFW.mjs:1796:17)
    at file:///workspace/scratch/72ac1419fd11/production/towerops/web/airspace/node_modules/rolldown/dist/shared/bindingify-input-options-DCTviPFW.mjs:2118:21
    at plugin.<computed> (file:///workspace/scratch/72ac1419fd11/production/towerops/web/airspace/node_modules/rolldown/dist/shared/bindingify-input-options-DCTviPFW.mjs:2316:18)
    at aggregateBindingErrorsIntoJsError (file:///workspace/scratch/72ac1419fd11/production/towerops/web/airspace/node_modules/rolldown/dist/shared/error-Bj1xBdEY.mjs:49:18)
    at unwrapBindingResult (file:///workspace/scratch/72ac1419fd11/production/towerops/web/airspace/node_modules/rolldown/dist/shared/error-Bj1xBdEY.mjs:19:128)
    at #build (file:///workspace/scratch/72ac1419fd11/production/towerops/web/airspace/node_modules/rolldown/dist/shared/rolldown-jmAeXo_f.mjs:133:34)
    at async buildEnvironment (file:///workspace/scratch/72ac1419fd11/production/towerops/web/airspace/node_modules/vite/dist/node/chunks/node.js:34660:66)
    at async Object.build (file:///workspace/scratch/72ac1419fd11/production/towerops/web/airspace/node_modules/vite/dist/node/chunks/node.js:35081:19)
    at async Object.buildApp (file:///workspace/scratch/72ac1419fd11/production/towerops/web/airspace/node_modules/vite/dist/node/chunks/node.js:35078:153)
    at async CAC.<anonymous> (file:///workspace/scratch/72ac1419fd11/production/towerops/web/airspace/node_modules/vite/dist/node/cli.js:780:3) {
  errors: [Getter/Setter]
}
